// Jest Snapshot v1, https://goo.gl/fbAQLP

exports[`SearchField renders correctly 1`] = `
<div>
  <input
    className="sc-bdVaJa fIgOID"
    data-testid="searchField"
    disabled={true}
    name="searchField"
    placeholder="Search for videos"
    type="text"
  />
</div>
`;
