// Jest Snapshot v1, https://goo.gl/fbAQLP

exports[`SearchResetButton renders correctly 1`] = `
<button
  className="sc-bdVaJa gQnvFe"
  data-testid="searchResetButton"
>
  Reset
</button>
`;
