// Jest Snapshot v1, https://goo.gl/fbAQLP

exports[`SearchButton renders correctly 1`] = `
<button
  className="sc-bdVaJa fwQqyE"
  data-testid="searchButton"
>
  Search
</button>
`;
